CALL paquExec('SELECT `x` AS `x` FROM table WHERE ( `x` = 0.998373 ) or ( ( ( `y` = SIN( 0.998373 ) ) and ( `z` = 0.998373 ) ) and ( `z` = 43 ) ) or ( ( ( `z` = 23 ) and ( `z` = 4 ) ) or ( `x` = 1 ) ) or ( ( `y` = 34 ) and ( `x` between 1 and 2 ) ) or ( `z` = 1 + 5 * 87.2134 )   ', 'aggregation_tmp_39578726')
USE spider_tmp_shard; CREATE TABLE TEST.TEST ENGINE=MyISAM SELECT `x` FROM `aggregation_tmp_39578726`   
CALL paquDropTmp('aggregation_tmp_39578726')
