CREATE DATABASE IF NOT EXISTS spider_tmp_shard; USE spider_tmp_shard; CREATE TABLE spider_tmp_shard.aggregation_tmp_43817547 ENGINE=MyISAM SELECT sprng_make_seed() AS `_sprng_make_seed___`,COUNT(abs(*)) AS `_count_abs_*___`  LIMIT 0
USE spider_tmp_shard; INSERT INTO spider_tmp_shard.aggregation_tmp_43817547 SELECT sprng_make_seed() AS `_sprng_make_seed___`,COUNT(abs(*)) AS `_count_abs_*___` ; CALL paquLinkTmp('aggregation_tmp_43817547')
USE spider_tmp_shard; CREATE TABLE TEST.TEST ENGINE=MyISAM SELECT `_sprng_make_seed___`,SUM(`_count_abs_*___`) AS `_count_abs_*___` FROM `aggregation_tmp_43817547`   
CALL paquDropTmp('aggregation_tmp_43817547')
