CALL paquExec('SELECT DES.mass AS `DES.mass`,DES.treeSnapnum AS `DES.treeSnapnum`,DES.fofId AS `DES.fofId`,DES.lastProgId AS `DES.lastProgId`,DES.fofTreeId AS `DES.fofTreeId` FROM MDR1.FOFMtree AS `DES` WHERE ( `DES`.`treeSnapnum` = 39  )  ', 'aggregation_tmp_75196858')
CALL paquExec('SELECT PROG.mass AS `PROG.mass`,PROG.treeSnapnum AS `PROG.treeSnapnum`,PROG.fofId AS `PROG.fofId`,`DES`.`DES.mass` AS `DES.mass`,`DES`.`DES.treeSnapnum` AS `DES.treeSnapnum`,`DES`.`DES.fofId` AS `DES.fofId`,`DES`.`DES.lastProgId` AS `DES.lastProgId` FROM MDR1.FOFMtree AS `PROG` JOIN ( SELECT `DES.mass`,`DES.treeSnapnum`,`DES.fofId`,`DES.lastProgId`,`DES.fofTreeId` FROM `aggregation_tmp_75196858`  ORDER BY `DES.fofId` ASC ) AS `DES`  WHERE  ( `PROG`.`mass` > 1.e13 ) AND  ( `PROG`.`fofTreeId` BETWEEN `DES`.`DES.fofTreeId` AND `DES`.`DES.lastProgId` )    ', 'aggregation_tmp_85605818')
CALL paquDropTmp('aggregation_tmp_75196858')
USE spider_tmp_shard; CREATE TABLE TEST.TEST ENGINE=MyISAM SELECT `PROG.mass`,`PROG.treeSnapnum`,`PROG.fofId`,`DES.mass`,`DES.treeSnapnum`,`DES.fofId`,`DES.lastProgId` FROM `aggregation_tmp_85605818`  ORDER BY `DES.fofId` ASC
CALL paquDropTmp('aggregation_tmp_85605818')
