CALL paquExec('SELECT `snapnum` AS `snappi` FROM MDR1.FOF WHERE ( `snapnum` = 85 )  ORDER BY `snappi` DESC  LIMIT 0,10', 'aggregation_tmp_65148683')
USE spider_tmp_shard; CREATE TABLE TEST.TEST ENGINE=MyISAM SELECT `snappi` FROM `aggregation_tmp_65148683`  ORDER BY `snappi` DESC  LIMIT 0,10
CALL paquDropTmp('aggregation_tmp_65148683')
